// Jest Snapshot v1, https://goo.gl/fbAQLP

exports[`App unit test should render ok with props 1`] = `
<DocumentFragment>
  <div>
    RouterMock
  </div>
</DocumentFragment>
`;
