// Jest Snapshot v1, https://goo.gl/fbAQLP

exports[`Podcast unit test should render ok with props 1`] = `
<DocumentFragment>
  <section
    id="podcast"
  >
    Podcast
  </section>
</DocumentFragment>
`;
