// Jest Snapshot v1, https://goo.gl/fbAQLP

exports[`PodcastEpisodesTable unit tests should match snapshot 1`] = `
<DocumentFragment>
  <div
    class="table__container"
  >
    <div
      id="mockPodcastEpisodesTableRow"
    >
      PodcastEpisodesTableRow
    </div>
    <table
      class="table"
    >
      <thead
        class="table__header"
      >
        <tr>
          <th
            align="left"
            class="table__title"
            id="col-title"
          >
            Title
          </th>
          <th
            align="right"
            class="table__title"
            id="col-date"
            style="text-align: left;"
          >
            Date
          </th>
          <th
            align="right"
            class="table__title"
            id="col-duration"
            style="text-align: left;"
          >
            Duration
          </th>
        </tr>
      </thead>
      <tbody
        class="table__body"
      />
    </table>
  </div>
</DocumentFragment>
`;
