// Jest Snapshot v1, https://goo.gl/fbAQLP

exports[`PodcastEpisodesTableRow unit tests should match snapshot 1`] = `
<DocumentFragment>
  <a
    href="episode/undefined"
  />
  Invalid DateNaNmin NaNs
</DocumentFragment>
`;
